
[2026-02-01 07:09:24] EXECUTE - Editar conteúdo
[2026-02-01 07:09:38] EXECUTE - Editar conteúdo
[2026-02-01 07:09:42] EXECUTE - Editar conteúdo
[2026-02-01 07:09:57] EXECUTE - Editar conteúdo
[2026-02-01 07:09:57] EXECUTE - Assinar documento
[2026-02-01 07:10:05] EXECUTE - Editar conteúdo
[2026-02-01 07:10:11] EXECUTE - Assinar documento
[2026-02-01 07:10:14] EXECUTE - Editar conteúdo
[2026-02-01 07:10:19] UNDO - Editar conteúdo
[2026-02-01 07:10:30] UNDO - Assinar documento
[2026-02-01 07:10:32] UNDO - Editar conteúdo
[2026-02-01 07:10:33] UNDO - Assinar documento
[2026-02-01 07:10:34] UNDO - Editar conteúdo
[2026-02-01 07:10:35] UNDO - Editar conteúdo
[2026-02-01 07:10:36] UNDO - Editar conteúdo
[2026-02-01 07:10:46] REDO - Editar conteúdo
[2026-02-01 07:10:47] REDO - Editar conteúdo
[2026-02-01 07:10:47] REDO - Editar conteúdo
[2026-02-01 07:10:48] REDO - Assinar documento
[2026-02-01 07:10:49] REDO - Editar conteúdo
[2026-02-01 07:10:49] REDO - Assinar documento
[2026-02-01 07:10:50] REDO - Editar conteúdo
[2026-02-01 07:11:01] EXECUTE - Priorizar (Urgente)
[2026-02-01 07:11:09] EXECUTE - Editar conteúdo
[2026-02-01 07:14:57] EXECUTE - Editar conteúdo
[2026-02-01 07:15:08] EXECUTE - Editar conteúdo
[2026-02-01 07:15:08] EXECUTE - Assinar documento
[2026-02-01 07:15:15] EXECUTE - Editar conteúdo
[2026-02-01 07:15:28] EXECUTE - Editar conteúdo
[2026-02-01 07:15:28] EXECUTE - Priorizar (Urgente)
[2026-02-01 07:15:28] EXECUTE - Assinar documento
[2026-02-01 07:15:33] EXECUTE - Priorizar (Urgente)
[2026-02-01 07:15:33] EXECUTE - Assinar documento
[2026-02-01 07:15:52] UNDO - Assinar documento
[2026-02-01 07:15:53] UNDO - Priorizar (Urgente)
[2026-02-01 07:15:53] UNDO - Assinar documento
[2026-02-01 07:15:53] UNDO - Priorizar (Urgente)
[2026-02-01 07:15:54] UNDO - Editar conteúdo
[2026-02-01 07:15:54] UNDO - Editar conteúdo
[2026-02-01 07:15:54] UNDO - Assinar documento
[2026-02-01 07:15:55] UNDO - Editar conteúdo
[2026-02-01 07:15:55] UNDO - Editar conteúdo
[2026-02-01 07:21:52] EXECUTE - Editar conteúdo
[2026-02-01 07:21:57] EXECUTE - Editar conteúdo
[2026-02-01 07:21:59] EXECUTE - Priorizar (Urgente)
[2026-02-01 07:21:59] EXECUTE - Assinar documento
[2026-02-01 07:22:33] EXECUTE - Editar conteúdo
[2026-02-01 07:22:37] EXECUTE - Editar conteúdo
[2026-02-01 07:22:37] EXECUTE - Priorizar (Urgente)
[2026-02-01 07:22:37] EXECUTE - Assinar documento
[2026-02-01 07:28:55] EXECUTE - Editar conteúdo
[2026-02-01 07:29:00] EXECUTE - Macro: Alterar e Assinar
